{
  "Report": "Maximum Revenue",
  "Result": "Springfield"
}