{
  "Report": "Minimum Item Count",
  "Result": "Birstonas"
}