{
  "Report": "Maximum Item Count",
  "Result": "Springfield"
}