{
  "Report": "Minimum Revenue",
  "Result": "Springfield"
}