{
  "RushHour": 22,
  "Hours": {
    "00": {
      "Count": 0,
      "Earned": 0
    },
    "01": {
      "Count": 0,
      "Earned": 0
    },
    "02": {
      "Count": 0,
      "Earned": 0
    },
    "03": {
      "Count": 0,
      "Earned": 0
    },
    "04": {
      "Count": 0,
      "Earned": 0
    },
    "05": {
      "Count": 0,
      "Earned": 0
    },
    "06": {
      "Count": 0,
      "Earned": 0
    },
    "07": {
      "Count": 0,
      "Earned": 0
    },
    "08": {
      "Count": 0,
      "Earned": 0
    },
    "09": {
      "Count": 0,
      "Earned": 0
    },
    "10": {
      "Count": 0,
      "Earned": 0
    },
    "11": {
      "Count": 0,
      "Earned": 0
    },
    "12": {
      "Count": 0,
      "Earned": 0
    },
    "13": {
      "Count": 0,
      "Earned": 0
    },
    "14": {
      "Count": 0,
      "Earned": 0
    },
    "15": {
      "Count": 0,
      "Earned": 0
    },
    "16": {
      "Count": 0,
      "Earned": 0
    },
    "17": {
      "Count": 0,
      "Earned": 0
    },
    "18": {
      "Count": 0,
      "Earned": 0
    },
    "19": {
      "Count": 0,
      "Earned": 0
    },
    "20": {
      "Count": 4,
      "Earned": 9
    },
    "21": {
      "Count": 0,
      "Earned": 0
    },
    "22": {
      "Count": 2,
      "Earned": 25.50
    },
    "23": {
      "Count": 2,
      "Earned": 10.5
    }
  }
}
